[hieuchi2025.iwedding.info/index.html]
[backblue.gif]
[fade.gif]
[index.html]
[cdn.biihappy.com/ziiweb/website/6783521479e39b1e530ba3e3/91548bb068fbc99df8651bd0f7beb88c.jpg]
[hieuchi2025.iwedding.info/templates/template18/css/libs27d7.css]
[hieuchi2025.iwedding.info/common/calendar27d7.css]
[hieuchi2025.iwedding.info/common/toastr/toastr.min27d7.css]
[hieuchi2025.iwedding.info/templates/template18/css/style27d7.css]
[hieuchi2025.iwedding.info/templates/template18/css/responsive27d7.css]
[hieuchi2025.iwedding.info/templates/template18/css/plugin27d7.css]
[cdn.biihappy.com/ziiweb/website/6783521479e39b1e530ba3e3/templates/62ef3cfd4c248a18ec5a9b5a/a8d0813b9a9adfbff19a9e154a8bd581.jpg]
[cdn.biihappy.com/ziiweb/website/6783521479e39b1e530ba3e3/templates/62ef3cfd4c248a18ec5a9b5a/dd9c67a60f0c5c5116186581bcd30f33.jpg]
[hieuchi2025.iwedding.info/templates/template18/images/body/layer-5.png]
[cdn.biihappy.com/ziiweb/website/6783521479e39b1e530ba3e3/156eceb5a7f43486b74f9d87be22a13a.jpg]
[cdn.biihappy.com/ziiweb/website/6783521479e39b1e530ba3e3/3ea656407723c19b76ac2e7d509c9f03.jpg]
[hieuchi2025.iwedding.info/rsvp.html]
[cdn.biihappy.com/ziiweb/images/static/common/rsvp4.png]
[cdn.biihappy.com/ziiweb/default/website/383875f7dbad0c73b240243aeecb74dd.jpg]
[cdn.biihappy.com/ziiweb/default/website/604b9769d7be40d0d5bad7c5265dc849.jpg]
[cdn.biihappy.com/ziiweb/default/website/eb13d6af3ecce1c4c852a6b09913bdca.jpg]
[cdn.biihappy.com/ziiweb/default/template/62ef3cfd4c248a18ec5a9b5a/a92c4f18902576f825fb27a0894ec3f9.jpg]
[hieuchi2025.iwedding.info/templates/template18/images/body/layer-3.png]
[cdn.biihappy.com/ziiweb/default/template/62ef3cfd4c248a18ec5a9b5a/8cf390dccd7f841cc2fea94f1f2ad7a1.jpg]
[cdn.biihappy.com/ziiweb/default/website/7744fc9739685fe61c53cd8fe2cf7e52.png]
[cdn.biihappy.com/ziiweb/default/website/0ea5ba9f2cbe132b3fe488103eb61817.png]
[cdn.biihappy.com/ziiweb/default/website/eee1cb36b560f0d80f513c4e9be666db.png]
[cdn.biihappy.com/ziiweb/default/website/21b07b7d583692f49091b87facbf2c92.png]
[cdn.biihappy.com/ziiweb/default/template/62ef3cfd4c248a18ec5a9b5a/7a1b7d126a1a5e786da21159f9cae0a7.jpg]
[cdn.biihappy.com/ziiweb/default/template/62ef3cfd4c248a18ec5a9b5a/c5fc9d51b7ebacb2f09c9a69f29635a0.jpg]
[cdn.biihappy.com/ziiweb/website/6783521479e39b1e530ba3e3/galleries/67f74c355db365667509261b/small.jpg]
[cdn.biihappy.com/ziiweb/website/6783521479e39b1e530ba3e3/galleries/67f74bbbd3937b82da07dc2d/small.jpg]
[cdn.biihappy.com/ziiweb/website/6783521479e39b1e530ba3e3/galleries/67f74badb393f4c88902e371/small.jpg]
[cdn.biihappy.com/ziiweb/website/6783521479e39b1e530ba3e3/galleries/67f74ba01d05e0ca5f0c87eb/small.jpg]
[cdn.biihappy.com/ziiweb/website/6783521479e39b1e530ba3e3/galleries/67f74b930d45b28c0f093ebb/small.jpg]
[cdn.biihappy.com/ziiweb/website/6783521479e39b1e530ba3e3/galleries/67f74b84b7778363390530e9/small.jpg]
[cdn.biihappy.com/ziiweb/website/6783521479e39b1e530ba3e3/galleries/67f74b78d3937b82da07dc2c/small.jpg]
[cdn.biihappy.com/ziiweb/website/6783521479e39b1e530ba3e3/galleries/67f74b6c23571b8ff5062e11/small.jpg]
[cdn.biihappy.com/ziiweb/website/6783521479e39b1e530ba3e3/galleries/67f74b61b7778363390530e8/small.jpg]
[cdn.biihappy.com/ziiweb/website/6783521479e39b1e530ba3e3/galleries/67f74b5547636134910f5203/small.jpg]
[cdn.biihappy.com/ziiweb/default/template/62ef3cfd4c248a18ec5a9b5a/dbf9fcd0502b5ed50f22812271a56402.jpg]
[hieuchi2025.iwedding.info/templates/template18/js/jquery-plugin-collection27d7.js]
[hieuchi2025.iwedding.info/common/calendar27d7.js]
[hieuchi2025.iwedding.info/templates/template18/js/script27d7.js]
[hieuchi2025.iwedding.info/common/biicommon.min27d7.js]
[hieuchi2025.iwedding.info/common/emoji-picker/js/insertTextAtCursor27d7.js]
[hieuchi2025.iwedding.info/common/emoji-picker/js/init27d7.js]
[hieuchi2025.iwedding.info/index.html]
[hieuchi2025.iwedding.info/common/toastr/toastr.min27d7.js]
[hieuchi2025.iwedding.info/templates/template18/fonts/glyphicons-halflings-regular.eot]
[hieuchi2025.iwedding.info/templates/template18/fonts/glyphicons-halflings-regulard41d.eot]
[hieuchi2025.iwedding.info/templates/template18/fonts/glyphicons-halflings-regular.woff2]
[hieuchi2025.iwedding.info/templates/template18/fonts/glyphicons-halflings-regular.woff]
[hieuchi2025.iwedding.info/templates/template18/fonts/glyphicons-halflings-regular.ttf]
[hieuchi2025.iwedding.info/templates/template18/fonts/glyphicons-halflings-regular.svg]
[hieuchi2025.iwedding.info/templates/template18/fonts/fontawesome-webfont3e6e3e6e3e6e.eot]
[hieuchi2025.iwedding.info/templates/template18/fonts/fontawesome-webfontd41dd41dd41d.eot]
[hieuchi2025.iwedding.info/templates/template18/fonts/fontawesome-webfont3e6e3e6e3e6e.html]
[hieuchi2025.iwedding.info/templates/template18/fonts/fontawesome-webfont3e6e3e6e3e6e.woff]
[hieuchi2025.iwedding.info/templates/template18/fonts/fontawesome-webfont3e6e3e6e3e6e.ttf]
[hieuchi2025.iwedding.info/templates/template18/fonts/fontawesome-webfont3e6e3e6e3e6e.svg]
[hieuchi2025.iwedding.info/templates/template18/css/owl.video.play.png/index.html]
[hieuchi2025.iwedding.info/templates/template18/css/ytp-regular.html/index.html]
[hieuchi2025.iwedding.info/templates/template18/fonts/lgd641.eot]
[hieuchi2025.iwedding.info/templates/template18/css/fonts/lgd41d.eot]
[hieuchi2025.iwedding.info/templates/template18/fonts/lgd641.woff]
[hieuchi2025.iwedding.info/templates/template18/fonts/lgd641.ttf]
[hieuchi2025.iwedding.info/templates/template18/fonts/lgd641.svg]
[hieuchi2025.iwedding.info/templates/template18/img/vimeo-play.png]
[hieuchi2025.iwedding.info/templates/template18/img/video-play.png]
[hieuchi2025.iwedding.info/templates/template18/img/youtube-play.png]
[hieuchi2025.iwedding.info/templates/template18/images/loading.gif]
[hieuchi2025.iwedding.info/templates/template18/css/libs27d7.css]
[hieuchi2025.iwedding.info/common/calendar27d7.css]
[hieuchi2025.iwedding.info/common/toastr/toastr.min27d7.css]
[hieuchi2025.iwedding.info/templates/template18/fonts/MeriendaRegular.eot]
[hieuchi2025.iwedding.info/templates/template18/fonts/MeriendaRegular.woff2]
[hieuchi2025.iwedding.info/templates/template18/fonts/MeriendaRegular.woff]
[hieuchi2025.iwedding.info/templates/template18/fonts/MeriendaRegular.ttf]
[hieuchi2025.iwedding.info/templates/template18/fonts/MeriendaRegular.svg]
[hieuchi2025.iwedding.info/templates/template18/images/header/breadcrumb.jpg]
[hieuchi2025.iwedding.info/templates/template18/images/body/fancy.png]
[hieuchi2025.iwedding.info/templates/template18/images/body/fancy-1.png]
[hieuchi2025.iwedding.info/templates/template18/images/rsvp/f1.png]
[hieuchi2025.iwedding.info/templates/template18/images/section/gl-9.jpg]
[hieuchi2025.iwedding.info/templates/template18/images/rsvp/f2.png]
[hieuchi2025.iwedding.info/templates/template18/images/section/bg-gift.jpg]
[hieuchi2025.iwedding.info/templates/template18/images/footer/footer-c.png]
[hieuchi2025.iwedding.info/templates/template18/css/style27d7.css]
[cdn.biihappy.com/ziiweb/images/static/common/searchicon.png]
[hieuchi2025.iwedding.info/templates/template18/css/responsive27d7.css]
[hieuchi2025.iwedding.info/templates/template18/fonts/ionicons28b528b5.eot/index28b528b5.html]
[hieuchi2025.iwedding.info/templates/template18/fonts/ionicons28b528b5.ttf/index28b528b5.html]
[hieuchi2025.iwedding.info/templates/template18/fonts/ionicons28b528b5.woff/index28b528b5.html]
[hieuchi2025.iwedding.info/templates/template18/fonts/ionicons28b528b5.svg/index28b528b5.html]
[hieuchi2025.iwedding.info/templates/template18/fonts/et-line.eot/index.html]
[hieuchi2025.iwedding.info/templates/template18/fonts/et-lined41d.eot/indexd41d.html]
[hieuchi2025.iwedding.info/templates/template18/fonts/et-line.woff/index.html]
[hieuchi2025.iwedding.info/templates/template18/fonts/et-line.ttf/index.html]
[hieuchi2025.iwedding.info/templates/template18/fonts/et-line.svg/index.html]
[hieuchi2025.iwedding.info/templates/template18/images/fancybox_sprite.png/index.html]
[hieuchi2025.iwedding.info/templates/template18/images/fancybox_loading.gif/index.html]
[hieuchi2025.iwedding.info/templates/template18/images/blank.html/index.html]
[hieuchi2025.iwedding.info/templates/template18/images/fancybox_overlay.png/index.html]
[hieuchi2025.iwedding.info/templates/template18/images/fancybox_sprite@2x.png/index.html]
[hieuchi2025.iwedding.info/templates/template18/images/fancybox_loading@2x.gif/index.html]
[hieuchi2025.iwedding.info/templates/template18/css/plugin27d7.css]
[cdn.jsdelivr.net/npm/bootstrap@5.2.0/dist/css/bootstrap.min.css]
[hieuchi2025.iwedding.info/album/heart.gif]
[hieuchi2025.iwedding.info/rsvp.html]
[hieuchi2025.iwedding.info/templates/template18/fonts/glyphicons-halflings-regular.html]
[hieuchi2025.iwedding.info/templates/template18/fonts/glyphicons-halflings-regular.svg]
[hieuchi2025.iwedding.info/templates/template18/fonts/fontawesome-webfont3e6e3e6e3e6e.html]
[hieuchi2025.iwedding.info/templates/template18/fonts/fontawesome-webfont3e6e3e6e3e6e.svg]
[hieuchi2025.iwedding.info/templates/template18/css/owl.video.play.png/index.html]
[hieuchi2025.iwedding.info/templates/template18/css/ytp-regular.html/index.html]
[hieuchi2025.iwedding.info/templates/template18/css/fonts/lgd41d.html]
[hieuchi2025.iwedding.info/templates/template18/fonts/lgd641.svg]
[hieuchi2025.iwedding.info/templates/template18/img/vimeo-play.html]
[hieuchi2025.iwedding.info/templates/template18/img/video-play.html]
[hieuchi2025.iwedding.info/templates/template18/img/youtube-play.html]
[hieuchi2025.iwedding.info/templates/template18/fonts/MeriendaRegular.svg]
[hieuchi2025.iwedding.info/templates/template18/images/header/breadcrumb.html]
[hieuchi2025.iwedding.info/templates/template18/images/section/gl-9.html]
[hieuchi2025.iwedding.info/templates/template18/images/section/bg-gift.html]
[hieuchi2025.iwedding.info/rsvp-template/script7625.js]
[htmldesigntemplates.com/wp-includes/css/dist/block-library/style.min7404.css]
[htmldesigntemplates.com/wp-content/themes/hello-elementor/style.min0875.css]
[htmldesigntemplates.com/wp-content/themes/hello-elementor/theme.min0875.css]
[htmldesigntemplates.com/wp-content/plugins/elementor/assets/lib/eicons/css/elementor-icons.min7816.css]
[htmldesigntemplates.com/wp-content/plugins/elementor/assets/css/frontend.min3ab2.css]
[htmldesigntemplates.com/wp-content/uploads/elementor/css/post-74fae.css]
[htmldesigntemplates.com/wp-content/plugins/elementor-pro/assets/css/frontend.mina767.css]
[htmldesigntemplates.com/wp-content/uploads/elementor/css/global4fae.css]
[htmldesigntemplates.com/wp-content/uploads/elementor/css/post-54fae.css]
[htmldesigntemplates.com/wp-content/uploads/elementor/css/post-524fae.css]
[htmldesigntemplates.com/wp-content/uploads/elementor/css/post-3514fae.css]
[htmldesigntemplates.com/wp-content/plugins/elementor/assets/lib/font-awesome/css/fontawesome.min52d5.css]
[htmldesigntemplates.com/wp-content/plugins/elementor/assets/lib/font-awesome/css/solid.min52d5.css]
[htmldesigntemplates.com/wp-content/uploads/2021/06/cropped-fav-32x32.png]
[htmldesigntemplates.com/wp-content/uploads/2021/06/cropped-fav-192x192.png]
[htmldesigntemplates.com/wp-content/uploads/2021/06/cropped-fav-180x180.png]
[htmldesigntemplates.com/cdn-cgi/challenge-platform/h/g/scripts/invisible74d4.js]
[htmldesigntemplates.com/wp-content/uploads/2021/06/logo.png]
[htmldesigntemplates.com/wp-content/uploads/2021/06/hero-macbook-1.png]
[htmldesigntemplates.com/wp-content/uploads/2021/06/port6.jpg]
[htmldesigntemplates.com/wp-content/uploads/2021/06/port5.jpg]
[htmldesigntemplates.com/wp-content/uploads/2021/06/welcome6.jpg]
[htmldesigntemplates.com/wp-content/uploads/2021/06/01_yatra_screenshot.__large_preview.jpg]
[htmldesigntemplates.com/wp-content/uploads/2021/06/screenshot-copy.jpg]
[htmldesigntemplates.com/wp-content/uploads/2021/06/magberg.jpg]
[htmldesigntemplates.com/wp-content/uploads/2021/06/perfection.jpg]
[htmldesigntemplates.com/wp-content/uploads/2021/06/01_hotux_screenshot.__large_preview.jpg]
[htmldesigntemplates.com/wp-content/uploads/2021/06/01_swasthye_screenshot.__large_preview.jpg]
[htmldesigntemplates.com/wp-content/uploads/2021/06/test2.png]
[htmldesigntemplates.com/wp-content/uploads/2021/06/test.png]
[htmldesigntemplates.com/wp-content/plugins/elementor/assets/lib/animations/animations.min3ab2.css]
[htmldesigntemplates.com/wp-includes/js/jquery/jquery.minaf6c.js]
[htmldesigntemplates.com/wp-includes/js/jquery/jquery-migrate.mind617.js]
[htmldesigntemplates.com/wp-content/plugins/elementor-pro/assets/lib/smartmenus/jquery.smartmenus.minf269.js]
[htmldesigntemplates.com/wp-content/plugins/elementor/assets/lib/jquery-numerator/jquery-numerator.min3958.js]
[htmldesigntemplates.com/wp-content/plugins/elementor-pro/assets/js/webpack-pro.runtime.mina767.js]
[htmldesigntemplates.com/wp-content/plugins/elementor/assets/js/webpack.runtime.min3ab2.js]
[htmldesigntemplates.com/wp-content/plugins/elementor/assets/js/frontend-modules.min3ab2.js]
[htmldesigntemplates.com/wp-includes/js/dist/vendor/regenerator-runtime.min3937.js]
[htmldesigntemplates.com/wp-includes/js/dist/vendor/wp-polyfill.min2c7c.js]
[htmldesigntemplates.com/wp-includes/js/dist/hooks.min8cbb.js]
[htmldesigntemplates.com/wp-includes/js/dist/i18n.mina28b.js]
[htmldesigntemplates.com/wp-content/plugins/elementor-pro/assets/js/frontend.mina767.js]
[htmldesigntemplates.com/wp-content/plugins/elementor/assets/lib/waypoints/waypoints.min05da.js]
[htmldesigntemplates.com/wp-includes/js/jquery/ui/core.min0028.js]
[htmldesigntemplates.com/wp-content/plugins/elementor/assets/js/frontend.min3ab2.js]
[htmldesigntemplates.com/wp-content/plugins/elementor-pro/assets/js/elements-handlers.mina767.js]
[htmldesigntemplates.com/wp-content/plugins/elementor-pro/assets/lib/sticky/jquery.sticky.mina767.js]
[hieuchi2025.iwedding.info/templates/template18/fonts/ionicons28b528b5.eot/index28b528b5.html]
[hieuchi2025.iwedding.info/templates/template18/fonts/ionicons28b528b5.ttf/index28b528b5.html]
[hieuchi2025.iwedding.info/templates/template18/fonts/ionicons28b528b5.woff/index28b528b5.html]
[hieuchi2025.iwedding.info/templates/template18/fonts/ionicons28b528b5.svg/index28b528b5.html]
[hieuchi2025.iwedding.info/templates/template18/fonts/et-line.eot/index.html]
[hieuchi2025.iwedding.info/templates/template18/fonts/et-lined41d.eot/indexd41d.html]
[hieuchi2025.iwedding.info/templates/template18/fonts/et-line.woff/index.html]
[hieuchi2025.iwedding.info/templates/template18/fonts/et-line.ttf/index.html]
[hieuchi2025.iwedding.info/templates/template18/fonts/et-line.svg/index.html]
[hieuchi2025.iwedding.info/templates/template18/images/fancybox_sprite.png/index.html]
[hieuchi2025.iwedding.info/templates/template18/images/fancybox_loading.gif/index.html]
[hieuchi2025.iwedding.info/templates/template18/images/blank.html/index.html]
[hieuchi2025.iwedding.info/templates/template18/images/fancybox_overlay.png/index.html]
[hieuchi2025.iwedding.info/templates/template18/images/fancybox_sprite@2x.png/index.html]
[hieuchi2025.iwedding.info/templates/template18/images/fancybox_loading@2x.gif/index.html]
[cdn.jsdelivr.net/npm/bootstrap@5.2.0/dist/css/bootstrap.min.css]
[htmldesigntemplates.com/wp-includes/css/dist/block-library/style.min7404.css]
[htmldesigntemplates.com/wp-content/themes/hello-elementor/style.min0875.css]
[htmldesigntemplates.com/wp-content/themes/hello-elementor/theme.min0875.css]
[htmldesigntemplates.com/wp-content/plugins/elementor/assets/lib/eicons/css/elementor-icons.min7816.html]
[htmldesigntemplates.com/wp-content/plugins/elementor/assets/css/frontend.min3ab2.html]
[htmldesigntemplates.com/wp-content/uploads/elementor/css/post-74fae.html]
[htmldesigntemplates.com/wp-content/plugins/elementor-pro/assets/css/frontend.mina767.html]
[htmldesigntemplates.com/wp-content/uploads/elementor/css/global4fae.html]
[htmldesigntemplates.com/wp-content/uploads/2023/07/brainstorming-some-bright-ideas-shot-of-businessp-2023-01-09-22-04-10-utc.jpg]
[htmldesigntemplates.com/wp-content/uploads/2023/08/Hand-Holding.png]
[htmldesigntemplates.com/wp-content/uploads/2023/11/features_product_dots.d2f16a3e1.png]
[htmldesigntemplates.com/wp-content/uploads/2023/07/business-people-discussion-digital-tablet-technolo-2022-12-16-01-26-36-utc.jpg]
[htmldesigntemplates.com/wp-content/uploads/2023/07/customer-support-writing-and-businessman-at-compu-2022-12-14-02-00-43-utc.jpg]
[htmldesigntemplates.com/wp-content/uploads/2023/07/group-meeting-around-table-at-graduate-recruitment-assessment-day.jpg]
[htmldesigntemplates.com/wp-content/uploads/2023/07/woman-shaking-hands-with-cheerful-recruiter-in-glasses-holding-clipboard.jpg]
[htmldesigntemplates.com/wp-content/uploads/elementor/css/post-54fae.css]
[htmldesigntemplates.com/wp-content/uploads/elementor/css/post-524fae.css]
[htmldesigntemplates.com/wp-content/uploads/elementor/css/post-3514fae.css]
[htmldesigntemplates.com/wp-content/plugins/elementor/assets/lib/font-awesome/css/fontawesome.min52d5.html]
[htmldesigntemplates.com/wp-content/plugins/elementor/assets/lib/font-awesome/css/solid.min52d5.html]
[htmldesigntemplates.com/cdn-cgi/challenge-platform/h/g/scripts/invisible74d4.json]
[htmldesigntemplates.com/wp-content/plugins/elementor/assets/lib/animations/animations.min3ab2.html]
[htmldesigntemplates.com/wp-content/plugins/elementor-pro/assets/lib/smartmenus/jquery.smartmenus.minf269.html]
[htmldesigntemplates.com/wp-content/plugins/elementor/assets/lib/jquery-numerator/jquery-numerator.min3958.html]
[htmldesigntemplates.com/wp-content/plugins/elementor-pro/assets/js/webpack-pro.runtime.mina767.html]
[htmldesigntemplates.com/wp-content/plugins/elementor/assets/js/webpack.runtime.min3ab2.html]
[htmldesigntemplates.com/wp-content/plugins/elementor/assets/js/frontend-modules.min3ab2.html]
[htmldesigntemplates.com/wp-content/plugins/elementor-pro/assets/js/frontend.mina767.html]
[htmldesigntemplates.com/wp-content/plugins/elementor/assets/lib/waypoints/waypoints.min05da.html]
[htmldesigntemplates.com/wp-content/plugins/elementor/assets/js/frontend.min3ab2.html]
[htmldesigntemplates.com/wp-content/plugins/elementor-pro/assets/js/elements-handlers.mina767.html]
[htmldesigntemplates.com/wp-content/plugins/elementor-pro/assets/lib/sticky/jquery.sticky.mina767.html]
